// Jest Snapshot v1, https://goo.gl/fbAQLP

exports[`examples of some things 1`] = `
<View
  style={
    {
      "alignItems": "flex-start",
      "flex": 1,
    }
  }
>
  <View
    accessibilityState={
      {
        "busy": undefined,
        "checked": undefined,
        "disabled": undefined,
        "expanded": undefined,
        "selected": undefined,
      }
    }
    accessibilityValue={
      {
        "max": undefined,
        "min": undefined,
        "now": undefined,
        "text": undefined,
      }
    }
    accessible={true}
    collapsable={false}
    focusable={true}
    onClick={[Function]}
    onResponderGrant={[Function]}
    onResponderMove={[Function]}
    onResponderRelease={[Function]}
    onResponderTerminate={[Function]}
    onResponderTerminationRequest={[Function]}
    onStartShouldSetResponder={[Function]}
    style={
      {
        "alignSelf": "flex-start",
        "backgroundColor": "purple",
        "borderRadius": 4,
        "flexGrow": 0,
        "opacity": 1,
        "paddingHorizontal": 16,
        "paddingVertical": 8,
      }
    }
  >
    <Text
      style={
        [
          {
            "color": "white",
            "fontSize": 16,
            "fontWeight": "bold",
          },
          {
            "color": "white",
          },
        ]
      }
    >
      testing
    </Text>
  </View>
</View>
`;
